040 (11608109.005.000) 05/18 12:16:19 Started transferring input files
	Transferring to host: <188.185.196.30:9618?addrs=188.185.196.30-9618+[2001-1458-303-23--100-1a]-9618&alias=b9p16p3843.cern.ch&noUDP&sock=slot1_9_5036_1146_238645>
...
040 (11608109.005.000) 05/18 12:16:19 Finished transferring input files
...
001 (11608109.005.000) 05/18 12:16:19 Job executing on host: <188.185.196.30:9618?addrs=188.185.196.30-9618+[2001-1458-303-23--100-1a]-9618&alias=b9p16p3843.cern.ch&noUDP&sock=startd_4002_9e1b>
	SlotName: slot1_9@b9p16p3843.cern.ch
	CondorScratchDir = "/pool/condor/dir_1270326"
	Cpus = 1
	Disk = 3784
	GPUs = 0
	Memory = 3000
...
006 (11608109.005.000) 05/18 12:16:32 Image size of job updated: 23376
	23  -  MemoryUsage of job (MB)
	23376  -  ResidentSetSize of job (KB)
...
006 (11608109.005.000) 05/18 12:16:52 Image size of job updated: 63764
	23  -  MemoryUsage of job (MB)
	23376  -  ResidentSetSize of job (KB)
...
040 (11608109.005.000) 05/18 12:16:52 Started transferring output files
...
040 (11608109.005.000) 05/18 12:16:52 Finished transferring output files
...
004 (11608109.005.000) 05/18 12:16:52 Job was evicted.
	(0) CPU times
		Usr 0 00:00:03, Sys 0 00:00:00  -  Run Remote Usage
		Usr 0 00:00:00, Sys 0 00:00:00  -  Run Local Usage
	0  -  Run Bytes Sent By Job
	405  -  Run Bytes Received By Job
	Partitionable Resources :    Usage  Request Allocated 
	   Cpus                 :        0        1         1 
	   Disk (KB)            :       29        1      3784 
	   GPUs                 :                           0 
	   Memory (MB)          :       23     3000      3000 
	   TimeExecute (s)      :       33                    
	   TimeSlotBusy (s)     :       34                    
...
009 (11608109.005.000) 05/18 12:16:52 Job was aborted.
	via condor_rm (by user ovchynni)
...
000 (11608113.005.000) 05/18 12:36:00 Job submitted from host: <188.185.70.244:9618?addrs=188.185.70.244-9618+[2001-1458-d00-7--100-2ee]-9618&alias=bigbird10.cern.ch&noUDP&sock=schedd_3169_3fb7>
...
