040 (11608109.003.000) 05/18 12:13:29 Started transferring input files
	Transferring to host: <188.185.193.107:9618?addrs=188.185.193.107-9618+[2001-1458-303-20--100-67]-9618&alias=b9p19p7223.cern.ch&noUDP&sock=slot1_13_4448_c4ae_238922>
...
040 (11608109.003.000) 05/18 12:13:29 Finished transferring input files
...
001 (11608109.003.000) 05/18 12:13:29 Job executing on host: <188.185.193.107:9618?addrs=188.185.193.107-9618+[2001-1458-303-20--100-67]-9618&alias=b9p19p7223.cern.ch&noUDP&sock=startd_3441_d179>
	SlotName: slot1_13@b9p19p7223.cern.ch
	CondorScratchDir = "/pool/condor/dir_2988767"
	Cpus = 1
	Disk = 3863
	GPUs = 0
	Memory = 3000
...
006 (11608109.003.000) 05/18 12:13:43 Image size of job updated: 23416
	23  -  MemoryUsage of job (MB)
	23416  -  ResidentSetSize of job (KB)
...
006 (11608109.003.000) 05/18 12:16:52 Image size of job updated: 109568
	23  -  MemoryUsage of job (MB)
	23416  -  ResidentSetSize of job (KB)
...
040 (11608109.003.000) 05/18 12:16:52 Started transferring output files
...
040 (11608109.003.000) 05/18 12:16:52 Finished transferring output files
...
004 (11608109.003.000) 05/18 12:16:52 Job was evicted.
	(0) CPU times
		Usr 0 00:02:46, Sys 0 00:00:00  -  Run Remote Usage
		Usr 0 00:00:00, Sys 0 00:00:00  -  Run Local Usage
	0  -  Run Bytes Sent By Job
	405  -  Run Bytes Received By Job
	Partitionable Resources :    Usage  Request Allocated 
	   Cpus                 :     0.99        1         1 
	   Disk (KB)            :    29           1      3863 
	   GPUs                 :                           0 
	   Memory (MB)          :    23        3000      3000 
	   TimeExecute (s)      :   203                       
	   TimeSlotBusy (s)     :   204                       
...
009 (11608109.003.000) 05/18 12:16:52 Job was aborted.
	via condor_rm (by user ovchynni)
...
000 (11608113.003.000) 05/18 12:36:00 Job submitted from host: <188.185.70.244:9618?addrs=188.185.70.244-9618+[2001-1458-d00-7--100-2ee]-9618&alias=bigbird10.cern.ch&noUDP&sock=schedd_3169_3fb7>
...
