040 (11608109.000.000) 05/18 12:13:28 Started transferring input files
	Transferring to host: <188.185.196.94:9618?addrs=188.185.196.94-9618+[2001-1458-303-23--100-5a]-9618&alias=b9p16p7302.cern.ch&noUDP&sock=slot1_3_3062_34b6_104875>
...
040 (11608109.000.000) 05/18 12:13:28 Finished transferring input files
...
001 (11608109.000.000) 05/18 12:13:28 Job executing on host: <188.185.196.94:9618?addrs=188.185.196.94-9618+[2001-1458-303-23--100-5a]-9618&alias=b9p16p7302.cern.ch&noUDP&sock=startd_2582_9d9f>
	SlotName: slot1_3@b9p16p7302.cern.ch
	CondorScratchDir = "/pool/condor/dir_673454"
	Cpus = 1
	Disk = 3892
	GPUs = 0
	Memory = 3000
...
006 (11608109.000.000) 05/18 12:13:42 Image size of job updated: 22316
	22  -  MemoryUsage of job (MB)
	22316  -  ResidentSetSize of job (KB)
...
006 (11608109.000.000) 05/18 12:16:52 Image size of job updated: 109828
	22  -  MemoryUsage of job (MB)
	22316  -  ResidentSetSize of job (KB)
...
040 (11608109.000.000) 05/18 12:16:52 Started transferring output files
...
040 (11608109.000.000) 05/18 12:16:52 Finished transferring output files
...
004 (11608109.000.000) 05/18 12:16:52 Job was evicted.
	(0) CPU times
		Usr 0 00:02:43, Sys 0 00:00:01  -  Run Remote Usage
		Usr 0 00:00:00, Sys 0 00:00:00  -  Run Local Usage
	0  -  Run Bytes Sent By Job
	405  -  Run Bytes Received By Job
	Partitionable Resources :    Usage  Request Allocated 
	   Cpus                 :        0        1         1 
	   Disk (KB)            :       29        1      3892 
	   GPUs                 :                           0 
	   Memory (MB)          :       22     3000      3000 
	   TimeExecute (s)      :      204                    
	   TimeSlotBusy (s)     :      205                    
...
009 (11608109.000.000) 05/18 12:16:52 Job was aborted.
	via condor_rm (by user ovchynni)
...
000 (11608113.000.000) 05/18 12:36:00 Job submitted from host: <188.185.70.244:9618?addrs=188.185.70.244-9618+[2001-1458-d00-7--100-2ee]-9618&alias=bigbird10.cern.ch&noUDP&sock=schedd_3169_3fb7>
...
040 (11608113.000.000) 05/18 12:51:12 Started transferring input files
	Transferring to host: <188.185.194.119:9618?addrs=188.185.194.119-9618+[2001-1458-303-21--100-73]-9618&alias=b9p20p0758.cern.ch&noUDP&sock=slot1_50_4221_d385_238936>
...
001 (11608113.000.000) 05/18 12:51:12 Job executing on host: <188.185.194.119:9618?addrs=188.185.194.119-9618+[2001-1458-303-21--100-73]-9618&alias=b9p20p0758.cern.ch&noUDP&sock=startd_3091_bf54>
	SlotName: slot1_50@b9p20p0758.cern.ch
	CondorScratchDir = "/pool/condor/dir_1435118"
	Cpus = 1
	Disk = 3871
	GPUs = 0
	Memory = 3000
...
040 (11608113.000.000) 05/18 12:51:12 Finished transferring input files
...
006 (11608113.000.000) 05/18 12:51:26 Image size of job updated: 23864
	24  -  MemoryUsage of job (MB)
	23864  -  ResidentSetSize of job (KB)
...
006 (11608113.000.000) 05/18 12:56:27 Image size of job updated: 110096
	108  -  MemoryUsage of job (MB)
	110096  -  ResidentSetSize of job (KB)
...
006 (11608113.000.000) 05/18 14:22:29 Image size of job updated: 112352
	108  -  MemoryUsage of job (MB)
	110096  -  ResidentSetSize of job (KB)
...
040 (11608113.000.000) 05/18 14:22:29 Started transferring output files
...
040 (11608113.000.000) 05/18 14:22:29 Finished transferring output files
...
005 (11608113.000.000) 05/18 14:22:29 Job terminated.
	(1) Normal termination (return value 0)
		Usr 0 01:30:12, Sys 0 00:00:00  -  Run Remote Usage
		Usr 0 00:00:00, Sys 0 00:00:00  -  Run Local Usage
		Usr 0 01:30:12, Sys 0 00:00:00  -  Total Remote Usage
		Usr 0 00:00:00, Sys 0 00:00:00  -  Total Local Usage
	0  -  Run Bytes Sent By Job
	405  -  Run Bytes Received By Job
	0  -  Total Bytes Sent By Job
	405  -  Total Bytes Received By Job
	Partitionable Resources :    Usage  Request Allocated 
	   Cpus                 :     1.00        1         1 
	   Disk (KB)            :    29           1      3871 
	   GPUs                 :                           0 
	   Memory (MB)          :   108        3000      3000 
	   TimeExecute (s)      :  5477                       
	   TimeSlotBusy (s)     :  5478                       
...
