040 (11608109.012.000) 05/18 12:13:31 Started transferring input files
	Transferring to host: <128.142.51.204:9618?addrs=128.142.51.204-9618+[2001-1458-301-3--100-9]-9618&alias=b9g02p9721.cern.ch&noUDP&sock=slot1_10_2145933_adb9_71839>
...
040 (11608109.012.000) 05/18 12:13:31 Finished transferring input files
...
001 (11608109.012.000) 05/18 12:13:31 Job executing on host: <128.142.51.204:9618?addrs=128.142.51.204-9618+[2001-1458-301-3--100-9]-9618&alias=b9g02p9721.cern.ch&noUDP&sock=startd_2145893_b052>
	SlotName: slot1_10@b9g02p9721.cern.ch
	CondorScratchDir = "/pool/condor/dir_2728458"
	Cpus = 1
	Disk = 3904
	GPUs = 0
	Memory = 3000
...
006 (11608109.012.000) 05/18 12:13:45 Image size of job updated: 24924
	25  -  MemoryUsage of job (MB)
	24924  -  ResidentSetSize of job (KB)
...
006 (11608109.012.000) 05/18 12:16:53 Image size of job updated: 109588
	25  -  MemoryUsage of job (MB)
	24940  -  ResidentSetSize of job (KB)
...
040 (11608109.012.000) 05/18 12:16:53 Started transferring output files
...
040 (11608109.012.000) 05/18 12:16:53 Finished transferring output files
...
004 (11608109.012.000) 05/18 12:16:53 Job was evicted.
	(0) CPU times
		Usr 0 00:02:46, Sys 0 00:00:00  -  Run Remote Usage
		Usr 0 00:00:00, Sys 0 00:00:00  -  Run Local Usage
	0  -  Run Bytes Sent By Job
	405  -  Run Bytes Received By Job
	Partitionable Resources :    Usage  Request Allocated 
	   Cpus                 :        0        1         1 
	   Disk (KB)            :       29        1      3904 
	   GPUs                 :                           0 
	   Memory (MB)          :       25     3000      3000 
	   TimeExecute (s)      :      202                    
	   TimeSlotBusy (s)     :      203                    
...
009 (11608109.012.000) 05/18 12:16:53 Job was aborted.
	via condor_rm (by user ovchynni)
...
000 (11608113.012.000) 05/18 12:36:00 Job submitted from host: <188.185.70.244:9618?addrs=188.185.70.244-9618+[2001-1458-d00-7--100-2ee]-9618&alias=bigbird10.cern.ch&noUDP&sock=schedd_3169_3fb7>
...
