040 (11608109.008.000) 05/18 12:13:30 Started transferring input files
	Transferring to host: <188.185.195.8:9618?addrs=188.185.195.8-9618+[2001-1458-303-22--100-4]-9618&alias=b9p17p3223.cern.ch&noUDP&sock=slot1_20_6148_9273_238479>
...
040 (11608109.008.000) 05/18 12:13:30 Finished transferring input files
...
001 (11608109.008.000) 05/18 12:13:30 Job executing on host: <188.185.195.8:9618?addrs=188.185.195.8-9618+[2001-1458-303-22--100-4]-9618&alias=b9p17p3223.cern.ch&noUDP&sock=startd_4901_41bf>
	SlotName: slot1_20@b9p17p3223.cern.ch
	CondorScratchDir = "/pool/condor/dir_2033864"
	Cpus = 1
	Disk = 3786
	GPUs = 0
	Memory = 3000
...
006 (11608109.008.000) 05/18 12:13:44 Image size of job updated: 24292
	24  -  MemoryUsage of job (MB)
	24292  -  ResidentSetSize of job (KB)
...
006 (11608109.008.000) 05/18 12:16:52 Image size of job updated: 109804
	24  -  MemoryUsage of job (MB)
	24292  -  ResidentSetSize of job (KB)
...
040 (11608109.008.000) 05/18 12:16:52 Started transferring output files
...
040 (11608109.008.000) 05/18 12:16:52 Finished transferring output files
...
004 (11608109.008.000) 05/18 12:16:52 Job was evicted.
	(0) CPU times
		Usr 0 00:02:44, Sys 0 00:00:00  -  Run Remote Usage
		Usr 0 00:00:00, Sys 0 00:00:00  -  Run Local Usage
	0  -  Run Bytes Sent By Job
	405  -  Run Bytes Received By Job
	Partitionable Resources :    Usage  Request Allocated 
	   Cpus                 :     0.08        1         1 
	   Disk (KB)            :    29           1      3786 
	   GPUs                 :                           0 
	   Memory (MB)          :    24        3000      3000 
	   TimeExecute (s)      :   202                       
	   TimeSlotBusy (s)     :   203                       
...
009 (11608109.008.000) 05/18 12:16:52 Job was aborted.
	via condor_rm (by user ovchynni)
...
000 (11608113.008.000) 05/18 12:36:00 Job submitted from host: <188.185.70.244:9618?addrs=188.185.70.244-9618+[2001-1458-d00-7--100-2ee]-9618&alias=bigbird10.cern.ch&noUDP&sock=schedd_3169_3fb7>
...
040 (11608113.008.000) 05/18 12:51:14 Started transferring input files
	Transferring to host: <188.185.215.140:9618?addrs=188.185.215.140-9618+[2001-1458-303-26--100-8]-9618&alias=b9p18p0368.cern.ch&noUDP&sock=slot1_34_4893_4fa0_243409>
...
001 (11608113.008.000) 05/18 12:51:14 Job executing on host: <188.185.215.140:9618?addrs=188.185.215.140-9618+[2001-1458-303-26--100-8]-9618&alias=b9p18p0368.cern.ch&noUDP&sock=startd_3886_0d1e>
	SlotName: slot1_34@b9p18p0368.cern.ch
	CondorScratchDir = "/pool/condor/dir_3755528"
	Cpus = 1
	Disk = 3819
	GPUs = 0
	Memory = 3000
...
040 (11608113.008.000) 05/18 12:51:14 Finished transferring input files
...
006 (11608113.008.000) 05/18 12:51:27 Image size of job updated: 24208
	24  -  MemoryUsage of job (MB)
	24208  -  ResidentSetSize of job (KB)
...
006 (11608113.008.000) 05/18 12:56:27 Image size of job updated: 109864
	108  -  MemoryUsage of job (MB)
	109864  -  ResidentSetSize of job (KB)
...
006 (11608113.008.000) 05/18 14:43:07 Image size of job updated: 112092
	108  -  MemoryUsage of job (MB)
	109864  -  ResidentSetSize of job (KB)
...
040 (11608113.008.000) 05/18 14:43:07 Started transferring output files
...
040 (11608113.008.000) 05/18 14:43:07 Finished transferring output files
...
005 (11608113.008.000) 05/18 14:43:07 Job terminated.
	(1) Normal termination (return value 0)
		Usr 0 01:49:56, Sys 0 00:00:08  -  Run Remote Usage
		Usr 0 00:00:00, Sys 0 00:00:00  -  Run Local Usage
		Usr 0 01:49:56, Sys 0 00:00:08  -  Total Remote Usage
		Usr 0 00:00:00, Sys 0 00:00:00  -  Total Local Usage
	0  -  Run Bytes Sent By Job
	405  -  Run Bytes Received By Job
	0  -  Total Bytes Sent By Job
	405  -  Total Bytes Received By Job
	Partitionable Resources :    Usage  Request Allocated 
	   Cpus                 :     0.99        1         1 
	   Disk (KB)            :    29           1      3819 
	   GPUs                 :                           0 
	   Memory (MB)          :   108        3000      3000 
	   TimeExecute (s)      :  6713                       
	   TimeSlotBusy (s)     :  6714                       
...
